../Drivers/CMSIS/Include/core_cm7.h:2229:22:SCB_EnableICache	4	static,ignoring_inline_asm
../Drivers/CMSIS/Include/core_cm7.h:2281:22:SCB_EnableDCache	24	static,ignoring_inline_asm
../Core/Src/main.c:119:5:main	8	static
../Core/Src/main.c:224:6:SystemClock_Config	88	static
../Core/Src/main.c:280:6:PeriphCommonClock_Config	144	static
../Core/Src/main.c:305:13:MX_ADC3_Init	24	static
../Core/Src/main.c:357:13:MX_CRC_Init	8	static
../Core/Src/main.c:388:13:MX_DMA2D_Init	8	static
../Core/Src/main.c:425:13:MX_I2C3_Init	8	static
../Core/Src/main.c:473:13:MX_LTDC_Init	64	static
../Core/Src/main.c:535:13:MX_SPI2_Init	8	static
../Core/Src/main.c:575:13:MX_TIM1_Init	112	static
../Core/Src/main.c:654:13:MX_USART1_UART_Init	8	static
../Core/Src/main.c:685:13:MX_FMC_Init	40	static
../Core/Src/main.c:789:13:MX_GPIO_Init	72	static
../Core/Src/main.c:1161:6:StartDefaultTask	16	static
../Core/Src/main.c:1183:6:HAL_TIM_PeriodElapsedCallback	16	static
../Core/Src/main.c:1212:6:Error_Handler	4	static,ignoring_inline_asm
