../Drivers/CMSIS/Include/core_cm7.h:2229:22:SCB_EnableICache	4	static,ignoring_inline_asm
../Drivers/CMSIS/Include/core_cm7.h:2281:22:SCB_EnableDCache	24	static,ignoring_inline_asm
../Core/Src/main.c:111:5:main	8	static
../Core/Src/main.c:183:6:SystemClock_Config	88	static
../Core/Src/main.c:239:6:PeriphCommonClock_Config	144	static
../Core/Src/main.c:264:13:MX_ADC3_Init	24	static
../Core/Src/main.c:316:13:MX_CRC_Init	8	static
../Core/Src/main.c:347:13:MX_DMA2D_Init	8	static
../Core/Src/main.c:384:13:MX_I2C3_Init	8	static
../Core/Src/main.c:432:13:MX_LTDC_Init	64	static
../Core/Src/main.c:494:13:MX_SPI2_Init	8	static
../Core/Src/main.c:534:13:MX_TIM1_Init	112	static
../Core/Src/main.c:613:13:MX_USART1_UART_Init	8	static
../Core/Src/main.c:644:13:MX_FMC_Init	40	static
../Core/Src/main.c:748:13:MX_GPIO_Init	72	static
../Core/Src/main.c:1121:6:HAL_TIM_PeriodElapsedCallback	24	static
../Core/Src/main.c:1150:6:Error_Handler	4	static,ignoring_inline_asm
