c:\users\sylva\desktop\courshes\informatiquec2\oscilloscopelab\work\realtimeoscilloscope\src\xf\include\xf\event.h:42:5:XFEvent::XFEvent(XFEvent::XFEventType, int, interface::XFReactive*)	24	static
c:\users\sylva\desktop\courshes\informatiquec2\oscilloscopelab\work\realtimeoscilloscope\src\xf\include\xf\event.h:43:13:XFEvent::~XFEvent()	16	static
c:\users\sylva\desktop\courshes\informatiquec2\oscilloscopelab\work\realtimeoscilloscope\src\xf\include\xf\event.h:43:13:virtual XFEvent::~XFEvent()	16	static
c:\users\sylva\desktop\courshes\informatiquec2\oscilloscopelab\work\realtimeoscilloscope\src\xf\include\xf\event.h:64:18:virtual bool XFEvent::deleteAfterConsume() const	16	static
C:/Users/sylva/Desktop/CoursHES/InformatiqueC2/OscilloscopeLab/work/RealtimeOscilloscope/src/xf/core/initialevent.cpp:3:1:XFInitialEvent::XFInitialEvent()	16	static
C:/Users/sylva/Desktop/CoursHES/InformatiqueC2/OscilloscopeLab/work/RealtimeOscilloscope/src/xf/core/initialevent.cpp:8:6:virtual bool XFInitialEvent::deleteAfterConsume() const	16	static
c:\users\sylva\desktop\courshes\informatiquec2\oscilloscopelab\work\realtimeoscilloscope\src\xf\include\xf\initialevent.h:16:7:XFInitialEvent::~XFInitialEvent()	16	static
c:\users\sylva\desktop\courshes\informatiquec2\oscilloscopelab\work\realtimeoscilloscope\src\xf\include\xf\initialevent.h:16:7:virtual XFInitialEvent::~XFInitialEvent()	16	static
